📆 2025-04-22 15:53:04 - 🔧 Configurazione git di base...
📆 2025-04-22 15:53:04 - ✅ Configurazione git completata
📆 2025-04-22 15:54:19 - 🔧 Configurazione git di base...
📆 2025-04-22 15:54:19 - ✅ Configurazione git completata
📆 2025-04-22 15:54:54 - 🔧 Configurazione git di base...
📆 2025-04-22 15:54:54 - ✅ Configurazione git completata
📆 2025-04-22 15:55:29 - 🔧 Configurazione git di base...
📆 2025-04-22 15:55:29 - ✅ Configurazione git completata
📆 2025-04-22 16:04:05 - 🔧 Configurazione git di base...
📆 2025-04-22 16:04:05 - ✅ Configurazione git completata
📆 2025-04-22 16:06:59 - 🔧 Configurazione git di base...
📆 2025-04-22 16:06:59 - ✅ Configurazione git completata
📆 2025-04-22 16:09:11 - 🔧 Configurazione git di base...
📆 2025-04-22 16:09:11 - ✅ Configurazione git completata
<<<<<<< HEAD
<<<<<<< HEAD
📆 2025-04-22 19:19:25 - 🔧 Configurazione git di base...
📆 2025-04-22 19:19:25 - ✅ Configurazione git completata
<<<<<<< HEAD
=======
>>>>>>> a76ea76 (fix: auto resolve conflict)
=======
📆 2025-04-22 19:19:25 - 🔧 Configurazione git di base...
📆 2025-04-22 19:19:25 - ✅ Configurazione git completata
>>>>>>> 720925c (fix: auto resolve conflict)
=======
📆 2025-04-22 21:10:29 - 🔧 Configurazione git di base...
📆 2025-04-22 21:10:29 - ✅ Configurazione git completata
<<<<<<< HEAD
>>>>>>> 1d48f1b (.)
=======
[0;34mℹ️ [2025-04-23 08:31:29] Configurazione avanzata git...[0m
[0;32m✅ [2025-04-23 08:31:29] Configurazione git completata con successo[0m
>>>>>>> b13caf8 (.)
